Statement for BigCo
 Hamlet: $650.00 (55 seats)
 As You Like It: $580.00 (35 seats)
 Othello: $500.00 (40 seats)
 Othello: $400.00 (30 seats)
 As You Like It: $357.00 (19 seats)
Amount owed is $2,487.00
You earned 50 credits
