Statement for BigCoII
 Henry V: $724.00 (53 seats)
 As You Like It: $740.00 (55 seats)
Amount owed is $1,464.00
You earned 69 credits
